E/ActivityManager( 3147): checkUser: useridlist=null, currentuser=0
E/ActivityManager( 3147): checkUser: useridlist=null, currentuser=0
E/ActivityManager( 3147): checkUser: useridlist=null, currentuser=0
E/Zygote  (32201): MountEmulatedStorage()
E/Zygote  (32201): v2
E/SELinux (32201): [DEBUG] get_category: variable seinfo: untrusted sensitivity: NULL, cateogry: NULL
E/SysUtils(32178): ApplicationContext is null in ApplicationStatus
E/SQLiteLog(32201): (283) recovered 840 frames from WAL file /data/user/0/com.google.android.gsf/databases/googlesettings.db-wal
E/NetworkScheduler.SchedulerReceiver( 4204): Invalid parameter app
E/NetworkScheduler.SchedulerReceiver( 4204): Invalid package name : Perhaps you didn't include a PendingIntent in the extras?
E/PersonaManagerService( 3147): inState():  stateMachine is null !!
E/Vold    ( 2547): Failed to find mounted volume for /storage/extSdCard/Android/data/com.facebook.katana/files/
E/Vold    ( 2547): Failed to find mounted volume for /storage/extSdCard/Android/data/com.facebook.katana/files/
E/SQLiteLog(31930): (284) automatic index on LOCAL_DUPS(local_dup_id)
E/Watchdog( 3147): !@Sync 3964
E/SQLiteLog(31930): (284) automatic index on LOCAL_DUPS(local_dup_id)
E/SQLiteLog(31930): (284) automatic index on LOCAL_DUPS(local_dup_id)
E/PersonaManagerService( 3147): inState():  stateMachine is null !!
E/SQLiteLog(31930): (284) automatic index on LOCAL_DUPS(local_dup_id)
E/AndroidRuntime(31960): FATAL EXCEPTION: Thread-22734
E/AndroidRuntime(31960): Process: edu.neu.madcourse.adibalwani, PID: 31960
E/AndroidRuntime(31960): java.lang.ArrayIndexOutOfBoundsException: length=60121; index=60121
E/AndroidRuntime(31960): 	at edu.neu.madcourse.adibalwani.wordgame.GameFragment$Dictionary.loadDictionary(GameFragment.java:351)
E/AndroidRuntime(31960): 	at edu.neu.madcourse.adibalwani.wordgame.GameFragment$Dictionary.run(GameFragment.java:383)
E/InputDispatcher( 3147): channel ~ Channel is unrecoverably broken and will be disposed!
E/InputDispatcher( 3147): channel ~ Channel is unrecoverably broken and will be disposed!
E/InputDispatcher( 3147): channel ~ Channel is unrecoverably broken and will be disposed!
E/ActivityManager( 3147): checkUser: useridlist=null, currentuser=0
E/ActivityManager( 3147): checkUser: useridlist=null, currentuser=0
E/ActivityManager( 3147): checkUser: useridlist=null, currentuser=0
E/ActivityManager( 3147): checkUser: useridlist=null, currentuser=0
E/Zygote  (32414): MountEmulatedStorage()
E/Zygote  (32414): v2
F/ActivityManager( 3147): Activity Manager Crash
F/ActivityManager( 3147): java.lang.IndexOutOfBoundsException: Invalid index 1, size is 1
F/ActivityManager( 3147): 	at java.util.ArrayList.throwIndexOutOfBoundsException(ArrayList.java:255)
F/ActivityManager( 3147): 	at java.util.ArrayList.get(ArrayList.java:308)
F/ActivityManager( 3147): 	at com.android.server.am.ActivityStack.finishTopRunningActivityLocked(ActivityStack.java:3497)
F/ActivityManager( 3147): 	at com.android.server.am.ActivityStackSupervisor.finishTopRunningActivityLocked(ActivityStackSupervisor.java:3423)
F/ActivityManager( 3147): 	at com.android.server.am.ActivityManagerService.handleAppCrashLocked(ActivityManagerService.java:14752)
F/ActivityManager( 3147): 	at com.android.server.am.ActivityManagerService.makeAppCrashingLocked(ActivityManagerService.java:14625)
F/ActivityManager( 3147): 	at com.android.server.am.ActivityManagerService.crashApplication(ActivityManagerService.java:15391)
F/ActivityManager( 3147): 	at com.android.server.am.ActivityManagerService.handleApplicationCrashInner(ActivityManagerService.java:14899)
F/ActivityManager( 3147): 	at com.android.server.am.ActivityManagerService.handleApplicationCrash(ActivityManagerService.java:14881)
F/ActivityManager( 3147): 	at android.app.ActivityManagerNative.onTransact(ActivityManagerNative.java:1459)
F/ActivityManager( 3147): 	at com.android.server.am.ActivityManagerService.onTransact(ActivityManagerService.java:3150)
F/ActivityManager( 3147): 	at android.os.Binder.execTransact(Binder.java:446)
E/JavaBinder( 3147): *** Uncaught remote exception!  (Exceptions are not yet supported across processes.)
E/JavaBinder( 3147): java.lang.IndexOutOfBoundsException: Invalid index 1, size is 1
E/JavaBinder( 3147): 	at java.util.ArrayList.throwIndexOutOfBoundsException(ArrayList.java:255)
E/JavaBinder( 3147): 	at java.util.ArrayList.get(ArrayList.java:308)
E/JavaBinder( 3147): 	at com.android.server.am.ActivityStack.finishTopRunningActivityLocked(ActivityStack.java:3497)
E/JavaBinder( 3147): 	at com.android.server.am.ActivityStackSupervisor.finishTopRunningActivityLocked(ActivityStackSupervisor.java:3423)
E/JavaBinder( 3147): 	at com.android.server.am.ActivityManagerService.handleAppCrashLocked(ActivityManagerService.java:14752)
E/JavaBinder( 3147): 	at com.android.server.am.ActivityManagerService.makeAppCrashingLocked(ActivityManagerService.java:14625)
E/JavaBinder( 3147): 	at com.android.server.am.ActivityManagerService.crashApplication(ActivityManagerService.java:15391)
E/JavaBinder( 3147): 	at com.android.server.am.ActivityManagerService.handleApplicationCrashInner(ActivityManagerService.java:14899)
E/JavaBinder( 3147): 	at com.android.server.am.ActivityManagerService.handleApplicationCrash(ActivityManagerService.java:14881)
E/JavaBinder( 3147): 	at android.app.ActivityManagerNative.onTransact(ActivityManagerNative.java:1459)
E/JavaBinder( 3147): 	at com.android.server.am.ActivityManagerService.onTransact(ActivityManagerService.java:3150)
E/JavaBinder( 3147): 	at android.os.Binder.execTransact(Binder.java:446)
E/SELinux (32414): [DEBUG] get_category: variable seinfo: default sensitivity: NULL, cateogry: NULL
E/SQLiteLog( 2905): (284) automatic index on crash_info_summary(package_name_touched)
E/PersonaManagerService( 3147): inState():  stateMachine is null !!
E/ActivityManager( 3147): checkUser: useridlist=null, currentuser=0
E/ActivityManager( 3147): checkUser: useridlist=null, currentuser=0
E/ActivityManager( 3147): checkUser: useridlist=null, currentuser=0
E/ActivityManager( 3147): checkUser: useridlist=null, currentuser=0
E/Zygote  (32508): MountEmulatedStorage()
E/Zygote  (32508): v2
E/SELinux (32508): [DEBUG] get_category: variable seinfo: untrusted sensitivity: NULL, cateogry: NULL
E/SQLiteLog(32508): (1) no such table: mmsconfig
E/Babel_SMS(32508): canonicalizeMccMnc: invalid mccmnc nullnull
E/PMBA    ( 3147): No global metadata in state file!
E/ActivityManager( 3147): checkUser: useridlist=null, currentuser=0
E/ActivityManager( 3147): checkUser: useridlist=null, currentuser=0
E/ActivityManager( 3147): checkUser: useridlist=null, currentuser=0
E/ActivityManager( 3147): checkUser: useridlist=null, currentuser=0
E/Zygote  (32554): MountEmulatedStorage()
E/Zygote  (32554): v2
E/SELinux (32554): [DEBUG] get_category: variable seinfo: release sensitivity: NULL, cateogry: NULL
E/ActivityManager( 3147): checkUser: useridlist=null, currentuser=0
E/ActivityManager( 3147): checkUser: useridlist=null, currentuser=0
E/ActivityManager( 3147): checkUser: useridlist=null, currentuser=0
E/ActivityManager( 3147): checkUser: useridlist=null, currentuser=0
E/Zygote  (32575): MountEmulatedStorage()
E/Zygote  (32575): v2
E/SELinux (32575): [DEBUG] get_category: variable seinfo: platform sensitivity: NULL, cateogry: NULL
E/ActivityManager( 3147): checkUser: useridlist=null, currentuser=0
E/ActivityManager( 3147): checkUser: useridlist=null, currentuser=0
E/ActivityManager( 3147): checkUser: useridlist=null, currentuser=0
E/ActivityManager( 3147): checkUser: useridlist=null, currentuser=0
E/Zygote  (32591): MountEmulatedStorage()
E/Zygote  (32591): v2
E/SELinux (32591): [DEBUG] get_category: variable seinfo: platform sensitivity: NULL, cateogry: NULL
E/ActivityManager( 3147): checkUser: useridlist=null, currentuser=0
E/ActivityManager( 3147): checkUser: useridlist=null, currentuser=0
E/ActivityManager( 3147): checkUser: useridlist=null, currentuser=0
E/ActivityManager( 3147): checkUser: useridlist=null, currentuser=0
E/Zygote  (32617): MountEmulatedStorage()
E/Zygote  (32617): v2
E/SELinux (32617): [DEBUG] get_category: variable seinfo: release sensitivity: NULL, cateogry: NULL
E/PersonaManagerService( 3147): inState():  stateMachine is null !!
E/AndroidRuntime(32414): FATAL EXCEPTION: Thread-22772
E/AndroidRuntime(32414): Process: edu.neu.madcourse.adibalwani, PID: 32414
E/AndroidRuntime(32414): java.lang.ArrayIndexOutOfBoundsException: length=60121; index=60121
E/AndroidRuntime(32414): 	at edu.neu.madcourse.adibalwani.wordgame.GameFragment$Dictionary.loadDictionary(GameFragment.java:351)
E/AndroidRuntime(32414): 	at edu.neu.madcourse.adibalwani.wordgame.GameFragment$Dictionary.run(GameFragment.java:383)
E/android.os.Debug( 3147): ro.product_ship = true
E/android.os.Debug( 3147): ro.debug_level = 0x4f4c
E/InputDispatcher( 3147): channel ~ Channel is unrecoverably broken and will be disposed!
E/SQLiteLog( 2905): (284) automatic index on crash_info_summary(package_name_touched)
E/InputDispatcher( 3147): channel ~ Channel is unrecoverably broken and will be disposed!
E/InputDispatcher( 3147): channel ~ Channel is unrecoverably broken and will be disposed!
E/ActivityManager( 3147): checkUser: useridlist=null, currentuser=0
E/ActivityManager( 3147): checkUser: useridlist=null, currentuser=0
E/ActivityManager( 3147): checkUser: useridlist=null, currentuser=0
E/ActivityManager( 3147): checkUser: useridlist=null, currentuser=0
E/Zygote  (32677): MountEmulatedStorage()
E/Zygote  (32677): v2
E/SELinux (32677): [DEBUG] get_category: variable seinfo: default sensitivity: NULL, cateogry: NULL
E/art     (32677): Failed sending reply to debugger: Broken pipe
E/OpenGLRenderer( 3147): SFEffectCache:clear(), mSize = 0
E/ViewRootImpl( 3147): sendUserActionEvent() mView == null
E/PersonaManagerService( 3147): inState():  stateMachine is null !!
E/PersonaManagerService( 3147): inState():  stateMachine is null !!
E/AndroidRuntime(32677): FATAL EXCEPTION: Thread-22802
E/AndroidRuntime(32677): Process: edu.neu.madcourse.adibalwani, PID: 32677
E/AndroidRuntime(32677): java.lang.ArrayIndexOutOfBoundsException: length=60121; index=60121
E/AndroidRuntime(32677): 	at edu.neu.madcourse.adibalwani.wordgame.GameFragment$Dictionary.loadDictionary(GameFragment.java:351)
E/AndroidRuntime(32677): 	at edu.neu.madcourse.adibalwani.wordgame.GameFragment$Dictionary.run(GameFragment.java:383)
E/android.os.Debug( 3147): ro.product_ship = true
E/android.os.Debug( 3147): ro.debug_level = 0x4f4c
E/InputDispatcher( 3147): channel ~ Channel is unrecoverably broken and will be disposed!
E/InputDispatcher( 3147): channel ~ Channel is unrecoverably broken and will be disposed!
E/InputDispatcher( 3147): channel ~ Channel is unrecoverably broken and will be disposed!
E/ActivityManager( 3147): checkUser: useridlist=null, currentuser=0
E/ActivityManager( 3147): checkUser: useridlist=null, currentuser=0
E/ActivityManager( 3147): checkUser: useridlist=null, currentuser=0
E/ActivityManager( 3147): checkUser: useridlist=null, currentuser=0
E/Zygote  (  326): MountEmulatedStorage()
E/Zygote  (  326): v2
E/SELinux (  326): [DEBUG] get_category: variable seinfo: default sensitivity: NULL, cateogry: NULL
E/SQLiteLog( 2905): (284) automatic index on crash_info_summary(package_name_touched)
E/OpenGLRenderer( 3147): SFEffectCache:clear(), mSize = 0
E/ViewRootImpl( 3147): sendUserActionEvent() mView == null
E/ViewRootImpl( 3147): sendUserActionEvent() mView == null
E/SQLiteLog( 2905): (284) automatic index on crash_info_summary(package_name_touched)
E/PersonaManagerService( 3147): inState():  stateMachine is null !!
E/PersonaManagerService( 3147): inState():  stateMachine is null !!
E/AndroidRuntime(  326): FATAL EXCEPTION: Thread-22808
E/AndroidRuntime(  326): Process: edu.neu.madcourse.adibalwani, PID: 326
E/AndroidRuntime(  326): java.lang.ArrayIndexOutOfBoundsException: length=60121; index=60121
E/AndroidRuntime(  326): 	at edu.neu.madcourse.adibalwani.wordgame.GameFragment$Dictionary.loadDictionary(GameFragment.java:351)
E/AndroidRuntime(  326): 	at edu.neu.madcourse.adibalwani.wordgame.GameFragment$Dictionary.run(GameFragment.java:383)
E/android.os.Debug( 3147): ro.product_ship = true
E/android.os.Debug( 3147): ro.debug_level = 0x4f4c
E/InputDispatcher( 3147): channel ~ Channel is unrecoverably broken and will be disposed!
E/SQLiteLog( 2905): (284) automatic index on crash_info_summary(package_name_touched)
E/InputDispatcher( 3147): channel ~ Channel is unrecoverably broken and will be disposed!
E/InputDispatcher( 3147): channel ~ Channel is unrecoverably broken and will be disposed!
E/ActivityManager( 3147): checkUser: useridlist=null, currentuser=0
E/ActivityManager( 3147): checkUser: useridlist=null, currentuser=0
E/ActivityManager( 3147): checkUser: useridlist=null, currentuser=0
E/ActivityManager( 3147): checkUser: useridlist=null, currentuser=0
E/Zygote  (  481): MountEmulatedStorage()
E/Zygote  (  481): v2
E/SELinux (  481): [DEBUG] get_category: variable seinfo: default sensitivity: NULL, cateogry: NULL
E/ViewRootImpl( 3147): sendUserActionEvent() mView == null
E/OpenGLRenderer( 3147): SFEffectCache:clear(), mSize = 0
E/Watchdog( 3147): !@Sync 3965
